docker :  Image open-archiver:local Building 
At C:\Users\sgoettl\AppData\Local\Temp\ps-script-9c9c1639-c587-4d21-9d34-c0a0ce9cc06f.ps1:98 char:46
+ ... Active\openarchiver"; docker compose build open-archiver 2>&1 | Out-F ...
+                           ~~~~~~~~~~~~~~~~~~~~~~~~~~~~~~~~~~~~~~~
    + CategoryInfo          : NotSpecified: ( Image open-archiver:local Building :String) [], RemoteException
    + FullyQualifiedErrorId : NativeCommandError
 
#1 [internal] load local bake definitions
#1 reading from stdin 587B done
#1 DONE 0.0s

#2 [internal] load build definition from Dockerfile
#2 transferring dockerfile: 2.15kB done
#2 DONE 0.0s

#3 [internal] load metadata for docker.io/library/node:22-alpine
#3 DONE 0.2s

#4 [internal] load .dockerignore
#4 transferring context: 497B done
#4 DONE 0.0s

#5 [base 1/8] FROM docker.io/library/node:22-alpine@sha256:968df39aedcea65eeb078fb336ed7191baf48f972b4479711397108be0966920
#5 resolve docker.io/library/node:22-alpine@sha256:968df39aedcea65eeb078fb336ed7191baf48f972b4479711397108be0966920 0.0s done
#5 DONE 0.0s

#6 [internal] load build context
#6 transferring context: 79.88kB 0.1s done
#6 DONE 0.1s

#7 [base 2/8] WORKDIR /app
#7 CACHED

#8 [base 5/8] COPY packages/backend/package.json ./packages/backend/
#8 CACHED

#9 [base 3/8] RUN --mount=type=cache,target=/root/.npm     npm install -g pnpm
#9 CACHED

#10 [base 4/8] COPY package.json pnpm-workspace.yaml pnpm-lock.yaml* ./
#10 CACHED

#11 [base 6/8] COPY packages/frontend/package.json ./packages/frontend/
#11 CACHED

#12 [base 7/8] COPY packages/types/package.json ./packages/types/
#12 CACHED

#13 [build 1/4] COPY packages/frontend/svelte.config.js ./packages/frontend/
#13 CACHED

#14 [build 2/4] RUN --mount=type=cache,id=pnpm,target=/pnpm/store     pnpm install --shamefully-hoist --frozen-lockfile --prod=false
#14 CACHED

#15 [base 8/8] COPY apps/open-archiver/package.json ./apps/open-archiver/
#15 CACHED

#16 [build 3/4] COPY . .
#16 CACHED

#17 [build 4/4] RUN pnpm build:oss
#17 0.723 [WARN] The "pnpm" field in package.json is no longer read by pnpm. The following keys were ignored: "pnpm.onlyBuiltDependencies". See https://pnpm.io/settings for the new home of each setting.
#17 2.140 
#17 2.140 > open-archiver@0.5.1 build:oss /app
#17 2.140 > pnpm --filter "./packages/*" --filter "!./packages/enterprise" --filter "./apps/open-archiver" build
#17 2.140 
#17 2.497 No projects matched the filters "/app/packages/enterprise" in "/app"
#17 2.499 Scope: 4 of 5 workspace projects
#17 2.504 packages/types build$ tsc
#17 2.549 packages/types build: node:internal/modules/cjs/loader:1433
#17 2.552 packages/types build:   throw err;
#17 2.552 packages/types build:   ^
#17 2.552 packages/types build: Error: Cannot find module '/app/packages/types/node_modules/typescript/bin/tsc'
#17 2.552 packages/types build:     at Function._resolveFilename (node:internal/modules/cjs/loader:1430:15)
#17 2.552 packages/types build:     at defaultResolveImpl (node:internal/modules/cjs/loader:1040:19)
#17 2.553 packages/types build:     at resolveForCJSWithHooks (node:internal/modules/cjs/loader:1045:22)
#17 2.553 packages/types build:     at Function._load (node:internal/modules/cjs/loader:1216:25)
#17 2.553 packages/types build:     at wrapModuleLoad (node:internal/modules/cjs/loader:254:19)
#17 2.553 packages/types build:     at Function.executeUserEntryPoint [as runMain] (node:internal/modules/run_main:171:5)
#17 2.556 packages/types build:     at node:internal/main/run_main_module:36:49 {
#17 2.556 packages/types build:   code: 'MODULE_NOT_FOUND',
#17 2.556 packages/types build:   requireStack: []
#17 2.556 packages/types build: }
#17 2.556 packages/types build: Node.js v22.22.3
#17 2.560 packages/types build: Failed
#17 2.575 /app/packages/types:
#17 2.575 ΓÇëERR_PNPM_RECURSIVE_RUN_FIRST_FAILΓÇë @open-archiver/types@0.1.4 build: `tsc`
#17 2.575 Exit status 1
#17 2.603 ΓÇëELIFECYCLEΓÇë Command failed with exit code 1.
#17 ERROR: process "/bin/sh -c pnpm build:oss" did not complete successfully: exit code: 1
------
 > [build 4/4] RUN pnpm build:oss:
2.556 packages/types build:     at node:internal/main/run_main_module:36:49 {
2.556 packages/types build:   code: 'MODULE_NOT_FOUND',
2.556 packages/types build:   requireStack: []
2.556 packages/types build: }
2.556 packages/types build: Node.js v22.22.3
2.560 packages/types build: Failed
2.575 /app/packages/types:
2.575 ΓÇëERR_PNPM_RECURSIVE_RUN_FIRST_FAILΓÇë @open-archiver/types@0.1.4 build: `tsc`
2.575 Exit status 1
2.603 ΓÇëELIFECYCLEΓÇë Command failed with exit code 1.
------
Dockerfile:33

--------------------

  31 |     

  32 |     # Build the OSS packages.

  33 | >>> RUN pnpm build:oss

  34 |     

  35 |     # 2. Production Stage: Install only production dependencies and copy built artifacts

--------------------

failed to solve: process "/bin/sh -c pnpm build:oss" did not complete successfully: exit code: 1



View build details: docker-desktop://dashboard/build/default/default/ap0nsa4y9n8shkx2dut7prgdb

